Flow report for FIR_3k4_lowpass
Thu Jul 06 18:49:32 2023
Quartus Prime Version 17.1.0 Build 590 10/25/2017 SJ Lite Edition


---------------------
; Table of Contents ;
---------------------
  1. Legal Notice
  2. Flow Summary
  3. Flow Settings
  4. Flow Non-Default Global Settings
  5. Flow Elapsed Time
  6. Flow OS Summary
  7. Flow Log
  8. Flow Messages
  9. Flow Suppressed Messages



----------------
; Legal Notice ;
----------------
Copyright (C) 2017  Intel Corporation. All rights reserved.
Your use of Intel Corporation's design tools, logic functions 
and other software and tools, and its AMPP partner logic 
functions, and any output files from any of the foregoing 
(including device programming or simulation files), and any 
associated documentation or information are expressly subject 
to the terms and conditions of the Intel Program License 
Subscription Agreement, the Intel Quartus Prime License Agreement,
the Intel FPGA IP License Agreement, or other applicable license
agreement, including, without limitation, that your use is for
the sole purpose of programming logic devices manufactured by
Intel and sold by Intel or its authorized distributors.  Please
refer to the applicable agreement for further details.



+----------------------------------------------------------------------------------+
; Flow Summary                                                                     ;
+------------------------------------+---------------------------------------------+
; Flow Status                        ; Successful - Thu Jul 06 18:49:32 2023       ;
; Quartus Prime Version              ; 17.1.0 Build 590 10/25/2017 SJ Lite Edition ;
; Revision Name                      ; FIR_3k4_lowpass                             ;
; Top-level Entity Name              ; FIR_3k4_lowpass                             ;
; Family                             ; Cyclone IV E                                ;
; Device                             ; EP4CE6F17C8                                 ;
; Timing Models                      ; Final                                       ;
; Total logic elements               ; 448 / 6,272 ( 7 % )                         ;
;     Total combinational functions  ; 323 / 6,272 ( 5 % )                         ;
;     Dedicated logic registers      ; 407 / 6,272 ( 6 % )                         ;
; Total registers                    ; 407                                         ;
; Total pins                         ; 20 / 180 ( 11 % )                           ;
; Total virtual pins                 ; 0                                           ;
; Total memory bits                  ; 49,840 / 276,480 ( 18 % )                   ;
; Embedded Multiplier 9-bit elements ; 9 / 30 ( 30 % )                             ;
; Total PLLs                         ; 1 / 2 ( 50 % )                              ;
+------------------------------------+---------------------------------------------+


+-----------------------------------------+
; Flow Settings                           ;
+-------------------+---------------------+
; Option            ; Setting             ;
+-------------------+---------------------+
; Start date & time ; 07/06/2023 18:48:13 ;
; Main task         ; Compilation         ;
; Revision Name     ; FIR_3k4_lowpass     ;
+-------------------+---------------------+


+---------------------------------------------------------------------------------------------------------------------------------------------------------------+
; Flow Non-Default Global Settings                                                                                                                              ;
+-------------------------------------+--------------------------------------------------------------------------+---------------+-------------+----------------+
; Assignment Name                     ; Value                                                                    ; Default Value ; Entity Name ; Section Id     ;
+-------------------------------------+--------------------------------------------------------------------------+---------------+-------------+----------------+
; COMPILER_SIGNATURE_ID               ; 118902012346211.168864049341396                                          ; --            ; --          ; --             ;
; EDA_OUTPUT_DATA_FORMAT              ; Verilog Hdl                                                              ; --            ; --          ; eda_simulation ;
; EDA_SIMULATION_TOOL                 ; ModelSim-Altera (Verilog)                                                ; <None>        ; --          ; --             ;
; EDA_TIME_SCALE                      ; 1 ps                                                                     ; --            ; --          ; eda_simulation ;
; MAX_CORE_JUNCTION_TEMP              ; 85                                                                       ; --            ; --          ; --             ;
; MIN_CORE_JUNCTION_TEMP              ; 0                                                                        ; --            ; --          ; --             ;
; MISC_FILE                           ; PLL_32M_bb.v                                                             ; --            ; --          ; --             ;
; MISC_FILE                           ; PLL_32M.ppf                                                              ; --            ; --          ; --             ;
; MISC_FILE                           ; fir_3k4.cmp                                                              ; --            ; --          ; --             ;
; MISC_FILE                           ; fir_3k4_sim/dspba_library_package.vhd                                    ; --            ; --          ; --             ;
; MISC_FILE                           ; fir_3k4_sim/dspba_library.vhd                                            ; --            ; --          ; --             ;
; MISC_FILE                           ; fir_3k4_sim/auk_dspip_math_pkg_hpfir.vhd                                 ; --            ; --          ; --             ;
; MISC_FILE                           ; fir_3k4_sim/auk_dspip_lib_pkg_hpfir.vhd                                  ; --            ; --          ; --             ;
; MISC_FILE                           ; fir_3k4_sim/auk_dspip_avalon_streaming_controller_hpfir.vhd              ; --            ; --          ; --             ;
; MISC_FILE                           ; fir_3k4_sim/auk_dspip_avalon_streaming_sink_hpfir.vhd                    ; --            ; --          ; --             ;
; MISC_FILE                           ; fir_3k4_sim/auk_dspip_avalon_streaming_source_hpfir.vhd                  ; --            ; --          ; --             ;
; MISC_FILE                           ; fir_3k4_sim/auk_dspip_roundsat_hpfir.vhd                                 ; --            ; --          ; --             ;
; MISC_FILE                           ; fir_3k4_sim/altera_avalon_sc_fifo.v                                      ; --            ; --          ; --             ;
; MISC_FILE                           ; fir_3k4_sim/fir_3k4_rtl_core_u0_m0_wo0_cm10_lutmem.hex                   ; --            ; --          ; --             ;
; MISC_FILE                           ; fir_3k4_sim/fir_3k4_rtl_core_u0_m0_wo0_cm11_lutmem.hex                   ; --            ; --          ; --             ;
; MISC_FILE                           ; fir_3k4_sim/fir_3k4_rtl_core_u0_m0_wo0_cm12_lutmem.hex                   ; --            ; --          ; --             ;
; MISC_FILE                           ; fir_3k4_sim/fir_3k4_rtl_core_u0_m0_wo0_cm13_lutmem.hex                   ; --            ; --          ; --             ;
; MISC_FILE                           ; fir_3k4_sim/fir_3k4_rtl_core_u0_m0_wo0_cm14_lutmem.hex                   ; --            ; --          ; --             ;
; MISC_FILE                           ; fir_3k4_sim/fir_3k4_rtl_core_u0_m0_wo0_cm6_lutmem.hex                    ; --            ; --          ; --             ;
; MISC_FILE                           ; fir_3k4_sim/fir_3k4_rtl_core_u0_m0_wo0_cm7_lutmem.hex                    ; --            ; --          ; --             ;
; MISC_FILE                           ; fir_3k4_sim/fir_3k4_rtl_core_u0_m0_wo0_cm8_lutmem.hex                    ; --            ; --          ; --             ;
; MISC_FILE                           ; fir_3k4_sim/fir_3k4_rtl_core_u0_m0_wo0_cm9_lutmem.hex                    ; --            ; --          ; --             ;
; MISC_FILE                           ; fir_3k4_sim/fir_3k4_rtl_core_u0_m0_wo0_wi0_r0_ra20_count1_lut_lutmem.hex ; --            ; --          ; --             ;
; MISC_FILE                           ; fir_3k4_sim/fir_3k4_rtl_core.vhd                                         ; --            ; --          ; --             ;
; MISC_FILE                           ; fir_3k4_sim/fir_3k4_ast.vhd                                              ; --            ; --          ; --             ;
; MISC_FILE                           ; fir_3k4_sim/fir_3k4.vhd                                                  ; --            ; --          ; --             ;
; MISC_FILE                           ; fir_3k4_sim/fir_3k4_nativelink.tcl                                       ; --            ; --          ; --             ;
; MISC_FILE                           ; fir_3k4_sim/fir_3k4_msim.tcl                                             ; --            ; --          ; --             ;
; MISC_FILE                           ; fir_3k4_sim/fir_3k4_tb.vhd                                               ; --            ; --          ; --             ;
; MISC_FILE                           ; fir_3k4_sim/fir_3k4_mlab.m                                               ; --            ; --          ; --             ;
; MISC_FILE                           ; fir_3k4_sim/fir_3k4_model.m                                              ; --            ; --          ; --             ;
; MISC_FILE                           ; fir_3k4_sim/fir_3k4_coef_int.txt                                         ; --            ; --          ; --             ;
; MISC_FILE                           ; fir_3k4_sim/fir_3k4_input.txt                                            ; --            ; --          ; --             ;
; MISC_FILE                           ; fir_3k4_sim/fir_3k4_param.txt                                            ; --            ; --          ; --             ;
; MISC_FILE                           ; PLL_1M_bb.v                                                              ; --            ; --          ; --             ;
; MISC_FILE                           ; PLL_1M.ppf                                                               ; --            ; --          ; --             ;
; NOMINAL_CORE_SUPPLY_VOLTAGE         ; 1.2V                                                                     ; --            ; --          ; --             ;
; PARTITION_COLOR                     ; -- (Not supported for targeted family)                                   ; --            ; --          ; Top            ;
; PARTITION_FITTER_PRESERVATION_LEVEL ; -- (Not supported for targeted family)                                   ; --            ; --          ; Top            ;
; PARTITION_NETLIST_TYPE              ; -- (Not supported for targeted family)                                   ; --            ; --          ; Top            ;
; POWER_BOARD_THERMAL_MODEL           ; None (CONSERVATIVE)                                                      ; --            ; --          ; --             ;
; POWER_PRESET_COOLING_SOLUTION       ; 23 MM HEAT SINK WITH 200 LFPM AIRFLOW                                    ; --            ; --          ; --             ;
; PROJECT_OUTPUT_DIRECTORY            ; output_files                                                             ; --            ; --          ; --             ;
; SPD_FILE                            ; fir_3k4.spd                                                              ; --            ; --          ; --             ;
; SYNTHESIS_ONLY_QIP                  ; On                                                                       ; --            ; --          ; --             ;
+-------------------------------------+--------------------------------------------------------------------------+---------------+-------------+----------------+


+-------------------------------------------------------------------------------------------------------------------------------+
; Flow Elapsed Time                                                                                                             ;
+---------------------------+--------------+-------------------------+---------------------+------------------------------------+
; Module Name               ; Elapsed Time ; Average Processors Used ; Peak Virtual Memory ; Total CPU Time (on all processors) ;
+---------------------------+--------------+-------------------------+---------------------+------------------------------------+
; Analysis & Synthesis      ; 00:00:10     ; 1.0                     ; 4890 MB             ; 00:00:05                           ;
; Fitter                    ; 00:00:04     ; 1.2                     ; 6317 MB             ; 00:00:01                           ;
; Assembler                 ; 00:00:00     ; 1.0                     ; 4678 MB             ; 00:00:00                           ;
; TimeQuest Timing Analyzer ; 00:00:02     ; 1.3                     ; 4885 MB             ; 00:00:00                           ;
; EDA Netlist Writer        ; 00:00:01     ; 1.0                     ; 4653 MB             ; 00:00:00                           ;
; Total                     ; 00:00:17     ; --                      ; --                  ; 00:00:06                           ;
+---------------------------+--------------+-------------------------+---------------------+------------------------------------+


+-----------------------------------------------------------------------------------------+
; Flow OS Summary                                                                         ;
+---------------------------+------------------+------------+------------+----------------+
; Module Name               ; Machine Hostname ; OS Name    ; OS Version ; Processor type ;
+---------------------------+------------------+------------+------------+----------------+
; Analysis & Synthesis      ; Blessing         ; Windows 10 ; 10.0       ; x86_64         ;
; Fitter                    ; Blessing         ; Windows 10 ; 10.0       ; x86_64         ;
; Assembler                 ; Blessing         ; Windows 10 ; 10.0       ; x86_64         ;
; TimeQuest Timing Analyzer ; Blessing         ; Windows 10 ; 10.0       ; x86_64         ;
; EDA Netlist Writer        ; Blessing         ; Windows 10 ; 10.0       ; x86_64         ;
+---------------------------+------------------+------------+------------+----------------+


------------
; Flow Log ;
------------
quartus_map --read_settings_files=on --write_settings_files=off FIR_3k4_lowpass -c FIR_3k4_lowpass
quartus_fit --read_settings_files=off --write_settings_files=off FIR_3k4_lowpass -c FIR_3k4_lowpass
quartus_asm --read_settings_files=off --write_settings_files=off FIR_3k4_lowpass -c FIR_3k4_lowpass
quartus_sta FIR_3k4_lowpass -c FIR_3k4_lowpass
quartus_eda --read_settings_files=off --write_settings_files=off FIR_3k4_lowpass -c FIR_3k4_lowpass



